// Jest Snapshot v1, https://goo.gl/fbAQLP

exports[`lib/manager/helm-values/extract extractPackageFile() extracts from complex values file correctly" 1`] = `
Object {
  "deps": Array [
    Object {
      "autoReplaceData": Object {
        "replaceString": "bitnami/postgresql:11.6.0-debian-9-r0",
      },
      "currentDigest": undefined,
      "currentValue": "11.6.0-debian-9-r0",
      "datasource": "docker",
      "depName": "bitnami/postgresql",
    },
    Object {
      "autoReplaceData": Object {
        "replaceString": "docker.io/bitnami/postgres-exporter:0.7.0-debian-9-r12",
      },
      "currentDigest": undefined,
      "currentValue": "0.7.0-debian-9-r12",
      "datasource": "docker",
      "depName": "docker.io/bitnami/postgres-exporter",
    },
    Object {
      "autoReplaceData": Object {
        "replaceString": "docker.io/bitnami/postgresql:11.5.0-debian-9-r0",
      },
      "currentDigest": undefined,
      "currentValue": "11.5.0-debian-9-r0",
      "datasource": "docker",
      "depName": "docker.io/bitnami/postgresql",
    },
  ],
}
`;

exports[`lib/manager/helm-values/extract extractPackageFile() extracts from values.yaml correctly with same structure as "helm create" 1`] = `
Object {
  "deps": Array [
    Object {
      "autoReplaceData": Object {
        "replaceString": "nginx:1.16.1",
      },
      "currentDigest": undefined,
      "currentValue": "1.16.1",
      "datasource": "docker",
      "depName": "nginx",
    },
  ],
}
`;
